------------------------------------------------------------
Timing Analyzer Summary
------------------------------------------------------------

Type  : Slow 1100mV 85C Model Setup 'clock'
Slack : -5.155
TNS   : -65911.098

Type  : Slow 1100mV 85C Model Hold 'clock'
Slack : 0.269
TNS   : 0.000

Type  : Slow 1100mV 85C Model Recovery 'clock'
Slack : -0.241
TNS   : -0.455

Type  : Slow 1100mV 85C Model Removal 'clock'
Slack : 0.668
TNS   : 0.000

Type  : Slow 1100mV 85C Model Minimum Pulse Width 'clock'
Slack : -2.636
TNS   : -19449.703

Type  : Slow 1100mV 0C Model Setup 'clock'
Slack : -5.187
TNS   : -65426.933

Type  : Slow 1100mV 0C Model Hold 'clock'
Slack : 0.249
TNS   : 0.000

Type  : Slow 1100mV 0C Model Recovery 'clock'
Slack : -0.132
TNS   : -0.239

Type  : Slow 1100mV 0C Model Removal 'clock'
Slack : 0.552
TNS   : 0.000

Type  : Slow 1100mV 0C Model Minimum Pulse Width 'clock'
Slack : -2.636
TNS   : -20251.447

Type  : Fast 1100mV 85C Model Setup 'clock'
Slack : -2.357
TNS   : -29731.332

Type  : Fast 1100mV 85C Model Hold 'clock'
Slack : 0.074
TNS   : 0.000

Type  : Fast 1100mV 85C Model Recovery 'clock'
Slack : 0.339
TNS   : 0.000

Type  : Fast 1100mV 85C Model Removal 'clock'
Slack : 0.300
TNS   : 0.000

Type  : Fast 1100mV 85C Model Minimum Pulse Width 'clock'
Slack : -2.174
TNS   : -2486.737

Type  : Fast 1100mV 0C Model Setup 'clock'
Slack : -2.047
TNS   : -25233.476

Type  : Fast 1100mV 0C Model Hold 'clock'
Slack : 0.050
TNS   : 0.000

Type  : Fast 1100mV 0C Model Recovery 'clock'
Slack : 0.427
TNS   : 0.000

Type  : Fast 1100mV 0C Model Removal 'clock'
Slack : 0.232
TNS   : 0.000

Type  : Fast 1100mV 0C Model Minimum Pulse Width 'clock'
Slack : -2.174
TNS   : -2546.277

------------------------------------------------------------
